// Jest Snapshot v1, https://goo.gl/fbAQLP

exports[`renders correctly 1`] = `
<View
  style={
    Object {
      "flexDirection": "row",
    }
  }
>
  <View>
    <Image
      source={
        Object {
          "uri": "sample image",
        }
      }
      style={
        Object {
          "height": 100,
          "width": 100,
        }
      }
    />
  </View>
  <View
    style={
      Object {
        "flex": 1,
        "flexDirection": "column",
        "justifyContent": "center",
      }
    }
  >
    <Text
      style={
        Object {
          "color": "#111",
          "fontSize": 20,
          "textAlign": "center",
        }
      }
    >
      Test name
    </Text>
    <Text
      style={
        Object {
          "color": "#111",
          "fontSize": 16,
          "textAlign": "center",
        }
      }
    >
      Test address
    </Text>
  </View>
</View>
`;
